00:00 +0: loading C:/Users/h_taheri/Desktop/tabdilaa/test/widget_test.dart
00:00 +0: App sub-components smoke test
????????? EXCEPTION CAUGHT BY FLUTTER TEST FRAMEWORK ???????????????????????????????????????????????????????????????????????????????????????????????????????????????????????????????????????????????????????????????
The following TestFailure was thrown running a test:
Expected: null
  Actual: NetworkImageLoadException:<HTTP request failed, statusCode: 400,
https://lh3.googleusercontent.com/aida-public/AB6AXuDEhvw4vTv-cpahji6EYxEpc_oJJUGrk5bs1UVCATZhnKJoMvrbvZUcB8h9Tp4Pdd1LfdV-GCRAksLke7TFEokHAt7QTbacdnJxDx_BreJqj1krsOT5aNp-dCuEK1wFZb9DuEvv9CplOykHdHxVIb3keGv_isVp3pelbW2LLMH4cfdcPSdj3sywqDgxS9wwRsfzjt_1_bkuO01wHqjAhATv4e67-bwsCSnUVVUjQN0YrzhZ0Fv--2gtmb1N2TpElo4La2IVclcj6uo>

When the exception was thrown, this was the stack:
#4      main.<anonymous closure> (file:///C:/Users/h_taheri/Desktop/tabdilaa/test/widget_test.dart:12:5)
<asynchronous suspension>
#5      testWidgets.<anonymous closure>.<anonymous closure> (package:flutter_test/src/widget_tester.dart:192:15)
<asynchronous suspension>
#6      TestWidgetsFlutterBinding._runTestBody (package:flutter_test/src/binding.dart:1059:5)
<asynchronous suspension>
<asynchronous suspension>
(elided one frame from package:stack_trace)

This was caught by the test expectation on the following line:
  file:///C:/Users/h_taheri/Desktop/tabdilaa/test/widget_test.dart line 12
The test description was:
  App sub-components smoke test
????????????????????????????????????????????????????????????????????????????????????????????????????????????????????????????????????????????????????????????????????????????????????????????????????????????????????????????????????????????????????????????????????????????????????????????????????????????
00:00 +0 -1: App sub-components smoke test [E]
  Test failed. See exception logs above.
  The test description was: App sub-components smoke test
  
Warning: At least one test in this suite creates an HttpClient. When running a test suite that uses
TestWidgetsFlutterBinding, all HTTP requests will return status code 400, and no network request
will actually be made. Any test expecting a real network connection and status code will fail.
To test code that needs an HttpClient, provide your own HttpClient implementation to the code under
test, so that your test can consistently provide a testable response to the code under test.
00:00 +0 -1: Some tests failed.
